sinteticos/sales_sint_365.csv
date,item_nbr,unit_sales,price
2001-08-03,0,19,28.63157894736842
2001-08-04,0,19,28.31578947368421
2001-08-05,0,20,23.25
2001-08-06,0,19,23.842105263157894
2001-08-07,0,21,22.0
2001-08-08,0,18,26.555555555555557
2001-08-09,0,20,25.15
2001-08-10,0,20,25.65
2001-08-11,0,18,25.666666666666668
2001-08-12,0,21,23.666666666666668
2001-08-13,0,19,23.842105263157894
2001-08-14,0,18,25.333333333333332
2001-08-15,0,19,24.42105263157895
2001-08-16,0,19,24.157894736842106
2001-08-17,0,18,25.444444444444443
2001-08-18,0,18,27.0
2001-08-19,0,20,23.45
2001-08-20,0,21,24.857142857142858
2001-08-21,0,21,21.571428571428573
2001-08-22,0,20,24.4
2001-08-23,0,19,26.42105263157895
2001-08-24,0,19,25.94736842105263
2001-08-25,0,19,23.68421052631579
2001-08-26,0,21,21.61904761904762
2001-08-27,0,20,27.2
2001-08-28,0,19,24.68421052631579
2001-08-29,0,18,29.77777777777778
2001-08-30,0,20,24.45
2001-08-31,0,19,25.57894736842105
2001-09-01,0,20,23.3
2001-09-02,0,21,23.238095238095237
2001-09-03,0,18,29.444444444444443
2001-09-04,0,20,25.1
2001-09-05,0,21,24.0
2001-09-06,0,18,25.666666666666668
2001-09-07,0,20,22.95
2001-09-08,0,19,26.63157894736842
2001-09-09,0,20,24.95
2001-09-10,0,21,21.952380952380953
2001-09-11,0,20,27.2
2001-09-12,0,18,30.444444444444443
2001-09-13,0,21,21.476190476190474
2001-09-14,0,20,22.8
2001-09-15,0,21,21.476190476190474
2001-09-16,0,20,23.75
2001-09-17,0,18,26.333333333333332
2001-09-18,0,18,26.944444444444443
2001-09-19,0,19,26.63157894736842
2001-09-20,0,18,29.833333333333332
2001-09-21,0,19,25.36842105263158
2001-09-22,0,18,29.38888888888889
2001-09-23,0,19,28.263157894736842
2001-09-24,0,20,22.9
2001-09-25,0,20,24.3
2001-09-26,0,18,27.0
2001-09-27,0,18,28.27777777777778
2001-09-28,0,21,25.80952380952381
2001-09-29,0,20,25.45
2001-09-30,0,19,27.0
2001-10-01,0,21,22.761904761904763
2001-10-02,0,18,29.555555555555557
2001-10-03,0,19,28.63157894736842
2001-10-04,0,21,24.523809523809526
2001-10-05,0,21,25.571428571428573
2001-10-06,0,21,22.0
2001-10-07,0,21,23.666666666666668
2001-10-08,0,18,28.11111111111111
2001-10-09,0,21,24.476190476190474
2001-10-10,0,19,28.526315789473685
2001-10-11,0,20,26.3
2001-10-12,0,20,24.25
2001-10-13,0,20,25.75
2001-10-14,0,19,27.157894736842106
2001-10-15,0,19,27.157894736842106
2001-10-16,0,21,24.095238095238095
2001-10-17,0,20,24.05
2001-10-18,0,18,27.944444444444443
2001-10-19,0,21,24.333333333333332
2001-10-20,0,21,24.476190476190474
2001-10-21,0,21,25.428571428571427
2001-10-22,0,20,26.7
2001-10-23,0,18,30.333333333333332
2001-10-24,0,18,26.38888888888889
2001-10-25,0,18,27.444444444444443
2001-10-26,0,19,25.842105263157894
2001-10-27,0,21,21.904761904761905
2001-10-28,0,20,23.2
2001-10-29,0,21,22.285714285714285
2001-10-30,0,18,26.944444444444443
2001-10-31,0,21,25.80952380952381
2001-11-01,0,21,24.571428571428573
2001-11-02,0,21,22.333333333333332
2001-11-03,0,19,23.789473684210527
2001-11-04,0,18,28.22222222222222
2001-11-05,0,20,25.0
2001-11-06,0,20,24.25
2001-11-07,0,21,21.857142857142858
2001-11-08,0,18,27.055555555555557
2001-11-09,0,18,27.944444444444443
2001-11-10,0,18,28.333333333333332
2001-11-11,0,18,25.88888888888889
2001-11-12,0,19,27.263157894736842
2001-11-13,0,18,26.666666666666668
2001-11-14,0,20,26.0
2001-11-15,0,19,28.63157894736842
2001-11-16,0,20,27.35
2001-11-17,0,19,23.789473684210527
2001-11-18,0,20,25.1
2001-11-19,0,20,23.95
2001-11-20,0,19,23.68421052631579
2001-11-21,0,19,23.789473684210527
2001-11-22,0,21,25.761904761904763
2001-11-23,0,20,26.95
2001-11-24,0,21,25.238095238095237
2001-11-25,0,21,21.476190476190474
2001-11-26,0,19,28.894736842105264
2001-11-27,0,20,23.15
2001-11-28,0,18,27.88888888888889
2001-11-29,0,20,25.1
2001-11-30,0,19,23.736842105263158
2001-12-01,0,19,28.210526315789473
2001-12-02,0,20,23.4
2001-12-03,0,18,25.88888888888889
2001-12-04,0,20,26.75
2001-12-05,0,20,23.5
2001-12-06,0,19,27.526315789473685
2001-12-07,0,18,28.055555555555557
2001-12-08,0,21,23.61904761904762
2001-12-09,0,19,24.63157894736842
2001-12-10,0,21,21.571428571428573
2001-12-11,0,19,25.0
2001-12-12,0,20,24.05
2001-12-13,0,21,23.952380952380953
2001-12-14,0,19,26.36842105263158
2001-12-15,0,18,26.22222222222222
2001-12-16,0,19,24.473684210526315
2001-12-17,0,20,26.9
2001-12-18,0,18,29.61111111111111
2001-12-19,0,21,21.571428571428573
2001-12-20,0,20,27.15
2001-12-21,0,81,5.679012345679013
2001-12-22,0,87,5.7701149425287355
2001-12-23,0,69,7.956521739130435
2001-12-24,0,73,7.383561643835616
2001-12-25,0,70,7.357142857142857
2001-12-26,0,71,7.71830985915493
2001-12-27,0,79,6.69620253164557
2001-12-28,0,78,5.833333333333333
2001-12-29,0,90,5.655555555555556
2001-12-30,0,82,5.695121951219512
2001-12-31,0,79,6.734177215189874
2002-01-01,0,72,7.236111111111111
2002-01-02,0,83,6.469879518072289
2002-01-03,0,85,5.435294117647059
2002-01-04,0,73,7.328767123287672
2002-01-05,0,71,6.380281690140845
2002-01-06,0,73,7.2465753424657535
2002-01-07,0,84,5.642857142857143
2002-01-08,0,70,7.542857142857143
2002-01-09,0,74,7.013513513513513
2002-01-10,0,80,6.1875
2002-01-11,0,74,7.027027027027027
2002-01-12,0,89,5.078651685393258
2002-01-13,0,90,6.1
2002-01-14,0,69,6.942028985507246
2002-01-15,0,80,6.5125
2002-01-16,0,84,5.630952380952381
2002-01-17,0,91,5.978021978021978
2002-01-18,0,77,5.857142857142857
2002-01-19,0,71,7.23943661971831
2002-01-20,0,20,27.3
2002-01-21,0,19,26.94736842105263
2002-01-22,0,20,24.45
2002-01-23,0,21,23.333333333333332
2002-01-24,0,18,27.88888888888889
2002-01-25,0,19,25.57894736842105
2002-01-26,0,19,24.105263157894736
2002-01-27,0,18,27.61111111111111
2002-01-28,0,20,25.4
2002-01-29,0,19,27.105263157894736
2002-01-30,0,18,30.0
2002-01-31,0,19,24.63157894736842
2002-02-01,0,20,25.95
2002-02-02,0,20,26.1
2002-02-03,0,18,25.27777777777778
2002-02-04,0,19,26.105263157894736
2002-02-05,0,18,27.61111111111111
2002-02-06,0,20,24.7
2002-02-07,0,18,27.0
2002-02-08,0,21,22.333333333333332
2002-02-09,0,19,24.105263157894736
2002-02-10,0,21,25.476190476190474
2002-02-11,0,19,28.210526315789473
2002-02-12,0,18,25.0
2002-02-13,0,21,25.904761904761905
2002-02-14,0,21,23.095238095238095
2002-02-15,0,18,28.77777777777778
2002-02-16,0,18,29.333333333333332
2002-02-17,0,20,27.45
2002-02-18,0,18,25.333333333333332
2002-02-19,0,18,27.77777777777778
2002-02-20,0,18,26.38888888888889
2002-02-21,0,21,22.80952380952381
2002-02-22,0,18,27.61111111111111
2002-02-23,0,19,28.894736842105264
2002-02-24,0,20,26.8
2002-02-25,0,20,27.5
2002-02-26,0,18,25.444444444444443
2002-02-27,0,20,26.5
2002-02-28,0,18,25.166666666666668
2002-03-01,0,19,28.105263157894736
2002-03-02,0,21,23.857142857142858
2002-03-03,0,20,27.5
2002-03-04,0,20,22.75
2002-03-05,0,19,25.42105263157895
2002-03-06,0,20,27.5
2002-03-07,0,21,25.333333333333332
2002-03-08,0,20,24.8
2002-03-09,0,18,27.38888888888889
2002-03-10,0,19,24.0
2002-03-11,0,20,25.9
2002-03-12,0,21,25.80952380952381
2002-03-13,0,19,27.473684210526315
2002-03-14,0,20,23.1
2002-03-15,0,19,26.57894736842105
2002-03-16,0,19,26.63157894736842
2002-03-17,0,20,24.3
2002-03-18,0,19,27.42105263157895
2002-03-19,0,21,25.38095238095238
2002-03-20,0,20,26.8
2002-03-21,0,18,25.5
2002-03-22,0,18,29.833333333333332
2002-03-23,0,21,23.523809523809526
2002-03-24,0,21,22.61904761904762
2002-03-25,0,21,25.333333333333332
2002-03-26,0,18,28.61111111111111
2002-03-27,0,18,25.666666666666668
2002-03-28,0,20,26.7
2002-03-29,0,19,24.31578947368421
2002-03-30,0,20,24.3
2002-03-31,0,21,22.857142857142858
2002-04-01,0,18,27.11111111111111
2002-04-02,0,18,25.22222222222222
2002-04-03,0,20,22.75
2002-04-04,0,20,24.45
2002-04-05,0,18,27.77777777777778
2002-04-06,0,18,25.22222222222222
2002-04-07,0,19,28.57894736842105
2002-04-08,0,20,25.9
2002-04-09,0,21,22.142857142857142
2002-04-10,0,21,26.19047619047619
2002-04-11,0,18,28.055555555555557
2002-04-12,0,19,25.894736842105264
2002-04-13,0,18,27.38888888888889
2002-04-14,0,18,27.11111111111111
2002-04-15,0,21,24.285714285714285
2002-04-16,0,19,24.57894736842105
2002-04-17,0,19,27.105263157894736
2002-04-18,0,18,30.11111111111111
2002-04-19,0,20,26.3
2002-04-20,0,20,23.5
2002-04-21,0,20,27.0
2002-04-22,0,19,25.263157894736842
2002-04-23,0,20,24.65
2002-04-24,0,19,28.42105263157895
2002-04-25,0,19,27.263157894736842
2002-04-26,0,21,25.714285714285715
2002-04-27,0,18,30.166666666666668
2002-04-28,0,21,25.238095238095237
2002-04-29,0,21,21.666666666666668
2002-04-30,0,20,25.9
2002-05-01,0,18,27.38888888888889
2002-05-02,0,18,29.555555555555557
2002-05-03,0,21,23.857142857142858
2002-05-04,0,18,30.444444444444443
2002-05-05,0,18,27.555555555555557
2002-05-06,0,18,30.22222222222222
2002-05-07,0,21,23.428571428571427
2002-05-08,0,19,26.42105263157895
2002-05-09,0,18,28.055555555555557
2002-05-10,0,19,26.42105263157895
2002-05-11,0,19,26.789473684210527
2002-05-12,0,19,28.63157894736842
2002-05-13,0,18,25.833333333333332
2002-05-14,0,21,26.0
2002-05-15,0,21,21.80952380952381
2002-05-16,0,20,25.95
2002-05-17,0,20,25.65
2002-05-18,0,18,25.72222222222222
2002-05-19,0,18,29.88888888888889
2002-05-20,0,20,26.85
2002-05-21,0,20,25.1
2002-05-22,0,18,27.166666666666668
2002-05-23,0,18,25.88888888888889
2002-05-24,0,20,24.05
2002-05-25,0,21,23.0
2002-05-26,0,21,23.857142857142858
2002-05-27,0,18,28.72222222222222
2002-05-28,0,21,23.571428571428573
2002-05-29,0,18,29.61111111111111
2002-05-30,0,18,27.77777777777778
2002-05-31,0,20,23.95
2002-06-01,0,18,28.72222222222222
2002-06-02,0,21,25.904761904761905
2002-06-03,0,21,23.904761904761905
2002-06-04,0,21,25.857142857142858
2002-06-05,0,21,24.238095238095237
2002-06-06,0,21,22.0
2002-06-07,0,21,24.428571428571427
2002-06-08,0,18,29.833333333333332
2002-06-09,0,21,22.952380952380953
2002-06-10,0,18,28.055555555555557
2002-06-11,0,18,25.27777777777778
2002-06-12,0,20,23.0
2002-06-13,0,21,21.523809523809526
2002-06-14,0,19,27.57894736842105
2002-06-15,0,21,24.571428571428573
2002-06-16,0,19,25.63157894736842
2002-06-17,0,21,26.047619047619047
2002-06-18,0,19,26.57894736842105
2002-06-19,0,19,25.05263157894737
2002-06-20,0,18,26.77777777777778
2002-06-21,0,20,25.75
2002-06-22,0,18,26.944444444444443
2002-06-23,0,21,21.523809523809526
2002-06-24,0,18,29.333333333333332
2002-06-25,0,19,28.05263157894737
2002-06-26,0,21,25.142857142857142
2002-06-27,0,21,24.666666666666668
2002-06-28,0,20,24.65
2002-06-29,0,19,28.0
2002-06-30,0,19,27.526315789473685
2002-07-01,0,20,25.9
2002-07-02,0,19,26.736842105263158
2002-07-03,0,21,21.714285714285715
2002-07-04,0,18,25.0
2002-07-05,0,19,26.57894736842105
2002-07-06,0,21,22.38095238095238
2002-07-07,0,21,21.523809523809526
2002-07-08,0,19,26.36842105263158
2002-07-09,0,21,25.571428571428573
2002-07-10,0,19,28.36842105263158
2002-07-11,0,21,23.61904761904762
2002-07-12,0,21,22.428571428571427
2002-07-13,0,18,26.444444444444443
2002-07-14,0,21,22.761904761904763
2002-07-15,0,18,27.166666666666668
2002-07-16,0,21,23.904761904761905
2002-07-17,0,18,29.5
2002-07-18,0,18,29.944444444444443
2002-07-19,0,21,22.761904761904763
2002-07-20,0,18,30.5
2002-07-21,0,19,28.57894736842105
2002-07-22,0,19,28.105263157894736
2002-07-23,0,21,24.19047619047619
2002-07-24,0,18,27.61111111111111
2002-07-25,0,19,25.63157894736842
2002-07-26,0,19,24.210526315789473
2002-07-27,0,18,25.333333333333332
2002-07-28,0,19,27.736842105263158
2002-07-29,0,19,26.68421052631579
2002-07-30,0,19,27.57894736842105
2002-07-31,0,19,28.57894736842105
2002-08-01,0,18,28.555555555555557
2002-08-02,0,18,30.333333333333332
2002-08-03,0,21,23.666666666666668
2002-08-04,0,19,26.36842105263158
2002-08-05,0,19,24.42105263157895
2002-08-06,0,18,30.0
2002-08-07,0,19,28.894736842105264
2002-08-08,0,18,25.88888888888889
2002-08-09,0,18,28.38888888888889
2002-08-10,0,20,23.65
2002-08-11,0,21,22.571428571428573
2002-08-12,0,20,27.05
2002-08-13,0,20,24.4
2002-08-14,0,19,28.36842105263158
2002-08-15,0,18,25.833333333333332
2002-08-16,0,18,26.27777777777778
2002-08-17,0,21,23.38095238095238
2002-08-18,0,19,27.473684210526315
2002-08-19,0,21,24.904761904761905
2002-08-20,0,21,25.857142857142858
2002-08-21,0,21,24.38095238095238
2002-08-22,0,18,25.833333333333332
2002-08-23,0,21,25.80952380952381
2002-08-24,0,18,26.22222222222222
2002-08-25,0,20,23.8
2002-08-26,0,21,24.666666666666668
2002-08-27,0,21,22.0
2002-08-28,0,21,22.523809523809526
2002-08-29,0,20,22.95
2002-08-30,0,21,21.571428571428573
2002-08-31,0,19,28.05263157894737
2002-09-01,0,19,26.157894736842106
2002-09-02,0,20,25.05
2002-09-03,0,20,24.35
2002-09-04,0,21,24.904761904761905
2002-09-05,0,21,25.428571428571427
2002-09-06,0,19,26.63157894736842
2002-09-07,0,20,24.45
2002-09-08,0,19,23.68421052631579
2002-09-09,0,18,25.444444444444443
2002-09-10,0,19,27.736842105263158
2002-09-11,0,21,22.047619047619047
2002-09-12,0,20,22.8
2002-09-13,0,20,23.2
2002-09-14,0,18,26.38888888888889
2002-09-15,0,18,29.944444444444443
2002-09-16,0,21,24.142857142857142
2002-09-17,0,18,27.5
2002-09-18,0,18,28.0
2002-09-19,0,20,27.45
2002-09-20,0,21,25.095238095238095
2002-09-21,0,19,25.473684210526315
2002-09-22,0,20,24.15
2002-09-23,0,21,22.38095238095238
2002-09-24,0,21,24.19047619047619
2002-09-25,0,20,24.25
2002-09-26,0,21,25.047619047619047
2002-09-27,0,21,21.952380952380953
2002-09-28,0,21,25.952380952380953
2002-09-29,0,20,23.7
2002-09-30,0,18,30.166666666666668
2002-10-01,0,21,24.095238095238095
2002-10-02,0,21,22.285714285714285
2002-10-03,0,20,22.85
2002-10-04,0,21,21.80952380952381
2002-10-05,0,18,26.11111111111111
2002-10-06,0,19,24.57894736842105
2002-10-07,0,20,26.15
2002-10-08,0,19,23.94736842105263
2002-10-09,0,21,21.857142857142858
2002-10-10,0,20,25.25
2002-10-11,0,21,25.38095238095238
2002-10-12,0,18,25.333333333333332
2002-10-13,0,18,28.833333333333332
2002-10-14,0,21,25.047619047619047
2002-10-15,0,20,26.6
2002-10-16,0,18,26.38888888888889
2002-10-17,0,19,28.36842105263158
2002-10-18,0,19,28.736842105263158
2002-10-19,0,18,30.166666666666668
2002-10-20,0,20,25.35
2002-10-21,0,18,28.27777777777778
2002-10-22,0,18,26.27777777777778
2002-10-23,0,18,25.833333333333332
2002-10-24,0,21,22.904761904761905
2002-10-25,0,20,22.65
2002-10-26,0,18,28.22222222222222
2002-10-27,0,20,22.75
2002-10-28,0,20,26.5
2002-10-29,0,19,24.42105263157895
2002-10-30,0,20,24.75
2002-10-31,0,19,25.36842105263158
2002-11-01,0,19,28.526315789473685
2002-11-02,0,18,30.166666666666668
2002-11-03,0,19,25.94736842105263
2002-11-04,0,18,26.27777777777778
2002-11-05,0,19,26.05263157894737
2002-11-06,0,20,24.3
2002-11-07,0,21,24.095238095238095
2002-11-08,0,21,26.19047619047619
2002-11-09,0,21,25.333333333333332
2002-11-10,0,21,25.095238095238095
2002-11-11,0,19,26.263157894736842
2002-11-12,0,21,21.904761904761905
2002-11-13,0,18,30.444444444444443
2002-11-14,0,19,27.157894736842106
2002-11-15,0,21,23.0
2002-11-16,0,21,25.523809523809526
2002-11-17,0,19,27.157894736842106
2002-11-18,0,21,26.0
2002-11-19,0,18,25.11111111111111
2002-11-20,0,20,24.7
2002-11-21,0,20,24.55
2002-11-22,0,18,26.72222222222222
2002-11-23,0,21,23.952380952380953
2002-11-24,0,18,29.22222222222222
2002-11-25,0,19,25.263157894736842
2002-11-26,0,20,27.45
2002-11-27,0,18,29.5
2002-11-28,0,18,27.11111111111111
2002-11-29,0,21,26.0
2002-11-30,0,21,25.333333333333332
2002-12-01,0,18,28.444444444444443
2002-12-02,0,21,22.904761904761905
2002-12-03,0,18,29.333333333333332
2002-12-04,0,18,28.72222222222222
2002-12-05,0,18,30.22222222222222
2002-12-06,0,21,25.857142857142858
2002-12-07,0,21,22.0
2002-12-08,0,18,25.833333333333332
2002-12-09,0,19,25.526315789473685
2002-12-10,0,18,27.88888888888889
2002-12-11,0,18,28.0
2002-12-12,0,18,26.0
2002-12-13,0,18,28.61111111111111
2002-12-14,0,20,22.85
2002-12-15,0,19,28.94736842105263
2002-12-16,0,76,6.368421052631579
2002-12-17,0,70,6.4714285714285715
2002-12-18,0,72,7.222222222222222
2002-12-19,0,90,6.066666666666666
2002-12-20,0,74,6.783783783783784
2002-12-21,0,85,6.1647058823529415
2002-12-22,0,72,6.527777777777778
2002-12-23,0,82,5.841463414634147
2002-12-24,0,89,6.033707865168539
2002-12-25,0,84,6.130952380952381
2002-12-26,0,77,6.1688311688311686
2002-12-27,0,78,6.641025641025641
2002-12-28,0,81,6.209876543209877
2002-12-29,0,87,5.287356321839081
2002-12-30,0,76,7.0
2002-12-31,0,86,5.8023255813953485
2003-01-01,0,82,5.512195121951219
2003-01-02,0,71,6.605633802816901
2003-01-03,0,91,4.956043956043956
2003-01-04,0,87,5.333333333333333
2003-01-05,0,80,5.875
2003-01-06,0,86,5.895348837209302
2003-01-07,0,73,6.383561643835616
2003-01-08,0,85,5.894117647058824
2003-01-09,0,88,5.8522727272727275
2003-01-10,0,76,6.5131578947368425
2003-01-11,0,89,5.775280898876405
2003-01-12,0,89,5.49438202247191
2003-01-13,0,81,6.691358024691358
2003-01-14,0,77,6.064935064935065
2003-01-15,0,18,29.22222222222222
2003-01-16,0,20,26.75
2003-01-17,0,20,23.95
2003-01-18,0,18,30.166666666666668
2003-01-19,0,21,23.80952380952381
2003-01-20,0,21,25.61904761904762
2003-01-21,0,19,26.157894736842106
2003-01-22,0,18,29.11111111111111
2003-01-23,0,19,24.842105263157894
2003-01-24,0,20,24.7
2003-01-25,0,18,25.666666666666668
2003-01-26,0,20,22.55
2003-01-27,0,20,26.0
2003-01-28,0,19,24.105263157894736
2003-01-29,0,19,25.05263157894737
2003-01-30,0,21,22.0
2003-01-31,0,19,27.0
2003-02-01,0,19,26.842105263157894
2003-02-02,0,20,23.45
2003-02-03,0,18,26.555555555555557
2003-02-04,0,19,27.473684210526315
2003-02-05,0,18,27.22222222222222
2003-02-06,0,19,25.263157894736842
2003-02-07,0,18,29.555555555555557
2003-02-08,0,18,25.166666666666668
2003-02-09,0,18,25.38888888888889
2003-02-10,0,20,24.5
2003-02-11,0,20,23.35
2003-02-12,0,20,26.5
2003-02-13,0,20,26.8
2003-02-14,0,21,25.904761904761905
2003-02-15,0,21,22.61904761904762
2003-02-16,0,20,24.7
2003-02-17,0,18,26.38888888888889
2003-02-18,0,19,27.36842105263158
2003-02-19,0,20,24.0
2003-02-20,0,19,27.736842105263158
2003-02-21,0,21,24.38095238095238
2003-02-22,0,18,30.444444444444443
2003-02-23,0,18,29.61111111111111
2003-02-24,0,21,21.428571428571427
2003-02-25,0,19,27.473684210526315
2003-02-26,0,20,25.0
2003-02-27,0,20,24.5
2003-02-28,0,19,24.473684210526315
2003-03-01,0,18,29.11111111111111
2003-03-02,0,20,24.2
2003-03-03,0,20,26.6
2003-03-04,0,19,28.57894736842105
