sinteticos/sales_sint_365.csv
date,item_nbr,unit_sales,price
2014-05-05,0,18,25.22222222222222
2014-05-06,0,20,24.65
2014-05-07,0,18,28.666666666666668
2014-05-08,0,18,28.166666666666668
2014-05-09,0,19,27.05263157894737
2014-05-10,0,18,30.333333333333332
2014-05-11,0,19,23.94736842105263
2014-05-12,0,19,26.736842105263158
2014-05-13,0,18,30.333333333333332
2014-05-14,0,18,30.055555555555557
2014-05-15,0,20,24.45
2014-05-16,0,19,27.68421052631579
2014-05-17,0,18,29.5
2014-05-18,0,19,27.36842105263158
2014-05-19,0,20,23.9
2014-05-20,0,18,28.38888888888889
2014-05-21,0,19,25.05263157894737
2014-05-22,0,19,26.57894736842105
2014-05-23,0,20,24.5
2014-05-24,0,18,30.055555555555557
2014-05-25,0,19,26.526315789473685
2014-05-26,0,21,21.857142857142858
2014-05-27,0,20,25.85
2014-05-28,0,20,23.35
2014-05-29,0,20,23.95
2014-05-30,0,18,30.333333333333332
2014-05-31,0,21,23.333333333333332
2014-06-01,0,19,25.42105263157895
2014-06-02,0,21,23.857142857142858
2014-06-03,0,18,27.166666666666668
2014-06-04,0,18,25.5
2014-06-05,0,18,27.11111111111111
2014-06-06,0,20,25.25
2014-06-07,0,19,24.210526315789473
2014-06-08,0,20,23.1
2014-06-09,0,20,25.45
2014-06-10,0,21,25.857142857142858
2014-06-11,0,20,23.9
2014-06-12,0,18,29.555555555555557
2014-06-13,0,18,26.72222222222222
2014-06-14,0,21,26.0
2014-06-15,0,20,24.0
2014-06-16,0,18,26.055555555555557
2014-06-17,0,18,28.5
2014-06-18,0,20,24.3
2014-06-19,0,21,23.333333333333332
2014-06-20,0,18,28.38888888888889
2014-06-21,0,18,25.833333333333332
2014-06-22,0,18,25.333333333333332
2014-06-23,0,21,21.428571428571427
2014-06-24,0,18,29.833333333333332
2014-06-25,0,19,28.210526315789473
2014-06-26,0,21,21.666666666666668
2014-06-27,0,18,28.88888888888889
2014-06-28,0,20,22.65
2014-06-29,0,20,23.75
2014-06-30,0,18,25.555555555555557
2014-07-01,0,19,26.68421052631579
2014-07-02,0,19,24.94736842105263
2014-07-03,0,20,26.35
2014-07-04,0,19,25.736842105263158
2014-07-05,0,21,21.80952380952381
2014-07-06,0,20,25.4
2014-07-07,0,18,28.166666666666668
2014-07-08,0,21,24.333333333333332
2014-07-09,0,21,25.238095238095237
2014-07-10,0,18,25.944444444444443
2014-07-11,0,20,25.45
2014-07-12,0,21,25.714285714285715
2014-07-13,0,18,25.944444444444443
2014-07-14,0,21,24.19047619047619
2014-07-15,0,18,26.666666666666668
2014-07-16,0,19,28.263157894736842
2014-07-17,0,21,24.285714285714285
2014-07-18,0,18,30.166666666666668
2014-07-19,0,21,23.0
2014-07-20,0,19,26.157894736842106
2014-07-21,0,19,28.0
2014-07-22,0,18,25.555555555555557
2014-07-23,0,21,23.61904761904762
2014-07-24,0,20,27.3
2014-07-25,0,19,23.842105263157894
2014-07-26,0,18,29.61111111111111
2014-07-27,0,20,24.45
2014-07-28,0,18,26.555555555555557
2014-07-29,0,21,26.0
2014-07-30,0,18,29.555555555555557
2014-07-31,0,20,25.7
2014-08-01,0,20,25.7
2014-08-02,0,21,25.238095238095237
2014-08-03,0,20,24.9
2014-08-04,0,20,26.45
2014-08-05,0,19,27.842105263157894
2014-08-06,0,19,26.05263157894737
2014-08-07,0,20,25.0
2014-08-08,0,19,27.42105263157895
2014-08-09,0,20,23.45
2014-08-10,0,20,25.6
2014-08-11,0,20,24.35
2014-08-12,0,18,29.333333333333332
2014-08-13,0,18,28.055555555555557
2014-08-14,0,19,26.842105263157894
2014-08-15,0,19,27.526315789473685
2014-08-16,0,21,25.666666666666668
2014-08-17,0,20,26.55
2014-08-18,0,20,25.25
2014-08-19,0,21,22.761904761904763
2014-08-20,0,21,23.761904761904763
2014-08-21,0,18,26.22222222222222
2014-08-22,0,20,22.5
2014-08-23,0,18,25.27777777777778
2014-08-24,0,18,26.27777777777778
2014-08-25,0,20,23.6
2014-08-26,0,18,26.0
2014-08-27,0,18,29.666666666666668
2014-08-28,0,19,26.57894736842105
2014-08-29,0,20,23.6
2014-08-30,0,18,26.5
2014-08-31,0,21,23.428571428571427
2014-09-01,0,18,29.11111111111111
2014-09-02,0,18,27.77777777777778
2014-09-03,0,18,28.444444444444443
2014-09-04,0,18,30.333333333333332
2014-09-05,0,20,24.85
2014-09-06,0,19,23.68421052631579
2014-09-07,0,20,23.55
2014-09-08,0,21,24.80952380952381
2014-09-09,0,19,23.736842105263158
2014-09-10,0,21,23.476190476190474
2014-09-11,0,18,25.27777777777778
2014-09-12,0,20,26.75
2014-09-13,0,21,22.38095238095238
2014-09-14,0,21,22.19047619047619
2014-09-15,0,20,25.45
2014-09-16,0,20,25.7
2014-09-17,0,18,28.944444444444443
2014-09-18,0,19,28.05263157894737
2014-09-19,0,20,22.75
2014-09-20,0,20,25.35
2014-09-21,0,21,22.142857142857142
2014-09-22,0,18,27.72222222222222
2014-09-23,0,21,23.0
2014-09-24,0,18,29.333333333333332
2014-09-25,0,18,26.666666666666668
2014-09-26,0,18,29.333333333333332
2014-09-27,0,20,24.3
2014-09-28,0,18,25.0
2014-09-29,0,19,27.157894736842106
2014-09-30,0,19,25.157894736842106
2014-10-01,0,20,24.6
2014-10-02,0,18,26.72222222222222
2014-10-03,0,20,25.35
2014-10-04,0,19,25.842105263157894
2014-10-05,0,20,25.75
2014-10-06,0,18,26.27777777777778
2014-10-07,0,21,22.476190476190474
2014-10-08,0,18,26.0
2014-10-09,0,20,25.7
2014-10-10,0,21,24.285714285714285
2014-10-11,0,18,30.444444444444443
2014-10-12,0,19,24.63157894736842
2014-10-13,0,18,28.72222222222222
2014-10-14,0,70,7.142857142857143
2014-10-15,0,74,6.094594594594595
2014-10-16,0,79,6.227848101265823
2014-10-17,0,79,6.417721518987341
2014-10-18,0,82,5.853658536585366
2014-10-19,0,72,6.972222222222222
2014-10-20,0,77,7.116883116883117
2014-10-21,0,90,5.088888888888889
2014-10-22,0,72,7.597222222222222
2014-10-23,0,85,5.964705882352941
2014-10-24,0,70,7.442857142857143
2014-10-25,0,83,5.783132530120482
2014-10-26,0,69,6.739130434782608
2014-10-27,0,91,5.956043956043956
2014-10-28,0,85,5.447058823529412
2014-10-29,0,89,5.573033707865169
2014-10-30,0,79,5.746835443037975
2014-10-31,0,86,5.27906976744186
2014-11-01,0,88,5.863636363636363
2014-11-02,0,91,5.351648351648351
2014-11-03,0,72,6.986111111111111
2014-11-04,0,71,7.732394366197183
2014-11-05,0,84,5.392857142857143
2014-11-06,0,69,7.260869565217392
2014-11-07,0,84,5.678571428571429
2014-11-08,0,73,6.534246575342466
2014-11-09,0,74,6.418918918918919
2014-11-10,0,77,6.337662337662338
2014-11-11,0,71,7.323943661971831
2014-11-12,0,81,6.222222222222222
2014-11-13,0,20,22.75
2014-11-14,0,21,24.047619047619047
2014-11-15,0,18,30.444444444444443
2014-11-16,0,19,27.05263157894737
2014-11-17,0,21,21.571428571428573
2014-11-18,0,20,26.7
2014-11-19,0,20,23.3
2014-11-20,0,19,28.05263157894737
2014-11-21,0,21,22.238095238095237
2014-11-22,0,19,26.526315789473685
2014-11-23,0,20,23.5
2014-11-24,0,18,28.88888888888889
2014-11-25,0,20,23.55
2014-11-26,0,19,25.63157894736842
2014-11-27,0,21,25.523809523809526
2014-11-28,0,21,22.095238095238095
2014-11-29,0,20,26.0
2014-11-30,0,20,24.45
2014-12-01,0,20,25.2
2014-12-02,0,21,25.952380952380953
2014-12-03,0,21,24.761904761904763
2014-12-04,0,18,26.333333333333332
2014-12-05,0,18,25.22222222222222
2014-12-06,0,18,25.11111111111111
2014-12-07,0,20,27.4
2014-12-08,0,20,27.3
2014-12-09,0,19,28.05263157894737
2014-12-10,0,20,25.5
2014-12-11,0,20,26.15
2014-12-12,0,18,25.555555555555557
2014-12-13,0,21,24.714285714285715
2014-12-14,0,20,26.15
2014-12-15,0,21,26.0
2014-12-16,0,21,24.238095238095237
2014-12-17,0,20,22.5
2014-12-18,0,18,27.944444444444443
2014-12-19,0,18,27.22222222222222
2014-12-20,0,20,25.85
2014-12-21,0,20,24.65
2014-12-22,0,18,30.0
2014-12-23,0,18,26.38888888888889
2014-12-24,0,19,28.05263157894737
2014-12-25,0,21,25.428571428571427
2014-12-26,0,20,26.8
2014-12-27,0,18,28.5
2014-12-28,0,19,24.42105263157895
2014-12-29,0,20,24.6
2014-12-30,0,21,22.333333333333332
2014-12-31,0,21,23.666666666666668
2015-01-01,0,19,28.94736842105263
2015-01-02,0,20,26.45
2015-01-03,0,18,27.944444444444443
2015-01-04,0,19,26.210526315789473
2015-01-05,0,19,23.68421052631579
2015-01-06,0,21,24.571428571428573
2015-01-07,0,21,23.333333333333332
2015-01-08,0,19,26.94736842105263
2015-01-09,0,19,28.526315789473685
2015-01-10,0,21,21.523809523809526
2015-01-11,0,20,24.4
2015-01-12,0,18,30.0
2015-01-13,0,20,27.1
2015-01-14,0,19,26.57894736842105
2015-01-15,0,20,24.8
2015-01-16,0,19,23.842105263157894
2015-01-17,0,21,22.952380952380953
2015-01-18,0,19,26.42105263157895
2015-01-19,0,18,26.61111111111111
2015-01-20,0,21,25.333333333333332
2015-01-21,0,21,22.047619047619047
2015-01-22,0,20,26.4
2015-01-23,0,19,27.63157894736842
2015-01-24,0,19,28.42105263157895
2015-01-25,0,21,23.38095238095238
2015-01-26,0,18,27.72222222222222
2015-01-27,0,19,27.42105263157895
2015-01-28,0,19,24.842105263157894
2015-01-29,0,19,26.210526315789473
2015-01-30,0,19,27.0
2015-01-31,0,20,24.35
2015-02-01,0,19,24.157894736842106
2015-02-02,0,20,25.3
2015-02-03,0,20,26.95
2015-02-04,0,20,26.1
2015-02-05,0,20,23.75
2015-02-06,0,20,23.55
2015-02-07,0,20,25.6
2015-02-08,0,21,23.904761904761905
2015-02-09,0,18,26.944444444444443
2015-02-10,0,21,23.571428571428573
2015-02-11,0,18,27.444444444444443
2015-02-12,0,21,24.428571428571427
2015-02-13,0,20,22.7
2015-02-14,0,18,26.27777777777778
2015-02-15,0,19,27.31578947368421
2015-02-16,0,19,25.105263157894736
2015-02-17,0,19,26.63157894736842
2015-02-18,0,19,27.526315789473685
2015-02-19,0,18,30.333333333333332
2015-02-20,0,20,25.8
2015-02-21,0,19,27.842105263157894
2015-02-22,0,19,28.42105263157895
2015-02-23,0,19,28.842105263157894
2015-02-24,0,19,25.36842105263158
2015-02-25,0,20,26.45
2015-02-26,0,19,24.105263157894736
2015-02-27,0,21,25.571428571428573
2015-02-28,0,18,25.5
2015-03-01,0,18,25.88888888888889
2015-03-02,0,19,28.68421052631579
2015-03-03,0,21,22.476190476190474
2015-03-04,0,19,28.842105263157894
2015-03-05,0,18,27.61111111111111
2015-03-06,0,21,22.523809523809526
2015-03-07,0,21,22.047619047619047
2015-03-08,0,20,22.8
2015-03-09,0,20,25.6
2015-03-10,0,20,23.55
2015-03-11,0,19,28.473684210526315
2015-03-12,0,19,25.36842105263158
2015-03-13,0,19,27.05263157894737
2015-03-14,0,19,28.0
2015-03-15,0,18,25.11111111111111
2015-03-16,0,18,25.72222222222222
2015-03-17,0,18,25.22222222222222
2015-03-18,0,19,27.736842105263158
2015-03-19,0,18,28.88888888888889
2015-03-20,0,18,26.833333333333332
2015-03-21,0,21,25.428571428571427
2015-03-22,0,19,24.94736842105263
2015-03-23,0,18,25.27777777777778
2015-03-24,0,18,26.833333333333332
2015-03-25,0,21,24.571428571428573
2015-03-26,0,21,22.285714285714285
2015-03-27,0,18,28.444444444444443
2015-03-28,0,19,28.42105263157895
2015-03-29,0,20,26.9
2015-03-30,0,18,28.833333333333332
2015-03-31,0,21,26.19047619047619
2015-04-01,0,21,22.238095238095237
2015-04-02,0,20,27.25
2015-04-03,0,18,27.555555555555557
2015-04-04,0,21,24.666666666666668
2015-04-05,0,21,22.714285714285715
2015-04-06,0,21,22.857142857142858
2015-04-07,0,20,23.45
2015-04-08,0,21,24.38095238095238
2015-04-09,0,21,21.476190476190474
2015-04-10,0,19,24.263157894736842
2015-04-11,0,18,27.0
2015-04-12,0,20,24.15
2015-04-13,0,18,29.11111111111111
2015-04-14,0,20,22.65
2015-04-15,0,18,29.72222222222222
2015-04-16,0,21,25.857142857142858
2015-04-17,0,21,25.714285714285715
2015-04-18,0,18,29.72222222222222
2015-04-19,0,19,27.57894736842105
2015-04-20,0,18,30.166666666666668
2015-04-21,0,21,24.19047619047619
2015-04-22,0,18,28.944444444444443
2015-04-23,0,19,27.36842105263158
2015-04-24,0,21,25.047619047619047
2015-04-25,0,20,25.55
2015-04-26,0,21,24.571428571428573
2015-04-27,0,20,24.9
2015-04-28,0,20,24.4
2015-04-29,0,20,24.05
2015-04-30,0,18,30.0
2015-05-01,0,18,27.72222222222222
2015-05-02,0,18,29.666666666666668
2015-05-03,0,21,23.761904761904763
2015-05-04,0,20,25.15
2015-05-05,0,20,25.45
2015-05-06,0,21,24.38095238095238
2015-05-07,0,18,30.5
2015-05-08,0,19,26.157894736842106
2015-05-09,0,20,25.05
2015-05-10,0,18,28.11111111111111
2015-05-11,0,20,24.6
2015-05-12,0,21,24.952380952380953
2015-05-13,0,18,25.38888888888889
2015-05-14,0,20,23.25
2015-05-15,0,18,28.833333333333332
2015-05-16,0,21,21.80952380952381
2015-05-17,0,18,26.944444444444443
2015-05-18,0,20,22.5
2015-05-19,0,18,26.055555555555557
2015-05-20,0,18,25.77777777777778
2015-05-21,0,19,26.789473684210527
2015-05-22,0,19,28.36842105263158
2015-05-23,0,19,27.736842105263158
2015-05-24,0,18,27.833333333333332
2015-05-25,0,20,26.0
2015-05-26,0,20,26.1
2015-05-27,0,21,22.047619047619047
2015-05-28,0,19,24.105263157894736
2015-05-29,0,18,25.944444444444443
2015-05-30,0,20,22.5
2015-05-31,0,19,25.736842105263158
2015-06-01,0,20,24.85
2015-06-02,0,21,26.19047619047619
2015-06-03,0,19,28.42105263157895
2015-06-04,0,20,24.2
2015-06-05,0,20,23.55
2015-06-06,0,18,25.77777777777778
2015-06-07,0,20,26.55
2015-06-08,0,20,26.6
2015-06-09,0,19,24.42105263157895
2015-06-10,0,19,26.526315789473685
2015-06-11,0,18,25.055555555555557
2015-06-12,0,20,26.7
2015-06-13,0,18,25.0
2015-06-14,0,21,22.19047619047619
2015-06-15,0,21,25.666666666666668
2015-06-16,0,18,27.72222222222222
2015-06-17,0,18,25.22222222222222
2015-06-18,0,21,21.523809523809526
2015-06-19,0,21,24.761904761904763
2015-06-20,0,20,27.45
2015-06-21,0,21,22.285714285714285
2015-06-22,0,18,30.5
2015-06-23,0,19,27.789473684210527
2015-06-24,0,19,26.36842105263158
2015-06-25,0,18,28.166666666666668
2015-06-26,0,21,21.761904761904763
2015-06-27,0,18,26.38888888888889
2015-06-28,0,19,26.42105263157895
2015-06-29,0,20,24.35
2015-06-30,0,21,25.285714285714285
2015-07-01,0,19,27.105263157894736
2015-07-02,0,20,23.4
2015-07-03,0,21,22.095238095238095
2015-07-04,0,19,25.842105263157894
2015-07-05,0,19,26.105263157894736
2015-07-06,0,20,22.85
2015-07-07,0,18,25.38888888888889
2015-07-08,0,21,25.952380952380953
2015-07-09,0,18,26.61111111111111
2015-07-10,0,20,22.75
2015-07-11,0,20,23.25
2015-07-12,0,18,26.22222222222222
2015-07-13,0,18,25.166666666666668
2015-07-14,0,18,26.38888888888889
2015-07-15,0,21,22.761904761904763
2015-07-16,0,20,27.15
2015-07-17,0,21,24.38095238095238
2015-07-18,0,19,26.789473684210527
2015-07-19,0,20,24.3
2015-07-20,0,20,24.1
2015-07-21,0,20,26.6
2015-07-22,0,18,27.944444444444443
2015-07-23,0,20,25.25
2015-07-24,0,20,23.15
2015-07-25,0,20,23.9
2015-07-26,0,21,26.19047619047619
2015-07-27,0,21,22.952380952380953
2015-07-28,0,20,23.95
2015-07-29,0,18,25.055555555555557
2015-07-30,0,21,22.523809523809526
2015-07-31,0,19,25.0
2015-08-01,0,18,30.22222222222222
2015-08-02,0,21,23.80952380952381
2015-08-03,0,18,25.444444444444443
2015-08-04,0,19,28.210526315789473
2015-08-05,0,18,25.666666666666668
2015-08-06,0,21,23.047619047619047
2015-08-07,0,18,26.38888888888889
2015-08-08,0,19,28.473684210526315
2015-08-09,0,18,25.055555555555557
2015-08-10,0,21,26.19047619047619
2015-08-11,0,19,28.526315789473685
2015-08-12,0,20,26.15
2015-08-13,0,19,26.36842105263158
2015-08-14,0,21,24.285714285714285
2015-08-15,0,20,23.25
2015-08-16,0,20,25.0
2015-08-17,0,19,28.210526315789473
2015-08-18,0,18,29.88888888888889
2015-08-19,0,18,28.166666666666668
2015-08-20,0,18,26.833333333333332
2015-08-21,0,21,24.857142857142858
2015-08-22,0,19,24.05263157894737
2015-08-23,0,18,28.27777777777778
2015-08-24,0,21,23.047619047619047
2015-08-25,0,19,27.68421052631579
2015-08-26,0,20,27.5
2015-08-27,0,18,29.666666666666668
2015-08-28,0,21,25.142857142857142
2015-08-29,0,19,23.736842105263158
2015-08-30,0,20,25.0
2015-08-31,0,21,22.904761904761905
2015-09-01,0,19,26.42105263157895
2015-09-02,0,20,24.15
2015-09-03,0,21,25.0
2015-09-04,0,20,24.15
2015-09-05,0,19,24.57894736842105
2015-09-06,0,21,24.666666666666668
2015-09-07,0,18,28.27777777777778
2015-09-08,0,20,25.1
2015-09-09,0,18,30.0
2015-09-10,0,20,22.8
2015-09-11,0,19,24.736842105263158
2015-09-12,0,21,26.19047619047619
2015-09-13,0,21,22.476190476190474
2015-09-14,0,18,29.61111111111111
2015-09-15,0,21,24.095238095238095
2015-09-16,0,20,25.2
2015-09-17,0,21,23.38095238095238
2015-09-18,0,19,27.526315789473685
2015-09-19,0,18,29.5
2015-09-20,0,18,26.72222222222222
2015-09-21,0,18,28.666666666666668
2015-09-22,0,20,23.95
2015-09-23,0,20,23.7
2015-09-24,0,19,28.263157894736842
2015-09-25,0,19,24.68421052631579
2015-09-26,0,19,27.736842105263158
2015-09-27,0,20,25.5
2015-09-28,0,18,25.38888888888889
2015-09-29,0,18,29.444444444444443
2015-09-30,0,21,25.761904761904763
2015-10-01,0,19,24.894736842105264
2015-10-02,0,19,28.894736842105264
2015-10-03,0,19,25.210526315789473
2015-10-04,0,18,25.166666666666668
2015-10-05,0,18,29.833333333333332
2015-10-06,0,21,22.095238095238095
2015-10-07,0,19,27.57894736842105
2015-10-08,0,20,24.4
2015-10-09,0,68,6.970588235294118
2015-10-10,0,73,6.301369863013699
2015-10-11,0,82,5.658536585365853
2015-10-12,0,83,5.795180722891566
2015-10-13,0,75,7.08
2015-10-14,0,89,5.123595505617978
2015-10-15,0,71,7.126760563380282
2015-10-16,0,90,5.555555555555555
2015-10-17,0,89,5.853932584269663
2015-10-18,0,79,6.455696202531645
2015-10-19,0,76,5.973684210526316
2015-10-20,0,78,6.243589743589744
2015-10-21,0,83,5.951807228915663
2015-10-22,0,75,7.0
2015-10-23,0,71,7.704225352112676
2015-10-24,0,80,6.15
2015-10-25,0,86,5.813953488372093
2015-10-26,0,82,5.987804878048781
2015-10-27,0,72,6.944444444444445
2015-10-28,0,74,6.472972972972973
2015-10-29,0,82,5.853658536585366
2015-10-30,0,82,6.2073170731707314
2015-10-31,0,84,6.25
2015-11-01,0,73,7.465753424657534
2015-11-02,0,71,6.661971830985915
2015-11-03,0,91,5.153846153846154
2015-11-04,0,81,5.580246913580247
2015-11-05,0,68,7.470588235294118
2015-11-06,0,84,5.666666666666667
2015-11-07,0,73,7.260273972602739
2015-11-08,0,21,22.714285714285715
2015-11-09,0,20,25.5
2015-11-10,0,21,22.761904761904763
2015-11-11,0,20,24.95
2015-11-12,0,21,23.19047619047619
2015-11-13,0,21,25.857142857142858
2015-11-14,0,21,21.714285714285715
2015-11-15,0,19,25.210526315789473
2015-11-16,0,20,27.5
2015-11-17,0,19,28.31578947368421
2015-11-18,0,20,27.25
2015-11-19,0,20,24.9
2015-11-20,0,20,26.75
2015-11-21,0,21,24.476190476190474
2015-11-22,0,19,27.894736842105264
2015-11-23,0,19,26.05263157894737
2015-11-24,0,20,27.25
2015-11-25,0,21,24.142857142857142
2015-11-26,0,18,29.5
2015-11-27,0,20,27.35
2015-11-28,0,21,26.047619047619047
2015-11-29,0,20,25.05
2015-11-30,0,21,23.0
2015-12-01,0,20,26.45
2015-12-02,0,21,23.333333333333332
2015-12-03,0,18,26.22222222222222
2015-12-04,0,19,27.210526315789473
2015-12-05,0,19,25.42105263157895
2015-12-06,0,19,25.0
2015-12-07,0,21,23.80952380952381
2015-12-08,0,21,24.19047619047619
2015-12-09,0,18,27.055555555555557
2015-12-10,0,20,27.35
2015-12-11,0,21,22.952380952380953
2015-12-12,0,19,27.894736842105264
