sinteticos/sales_sint_365.csv
date,item_nbr,unit_sales,price
2015-12-13,0,18,27.055555555555557
2015-12-14,0,19,26.842105263157894
2015-12-15,0,21,22.714285714285715
2015-12-16,0,21,21.904761904761905
2015-12-17,0,19,23.68421052631579
2015-12-18,0,19,25.473684210526315
2015-12-19,0,18,25.11111111111111
2015-12-20,0,21,25.142857142857142
2015-12-21,0,21,22.61904761904762
2015-12-22,0,21,25.285714285714285
2015-12-23,0,19,28.736842105263158
2015-12-24,0,19,28.157894736842106
2015-12-25,0,20,26.05
2015-12-26,0,18,25.61111111111111
2015-12-27,0,19,26.526315789473685
2015-12-28,0,20,27.2
2015-12-29,0,18,26.38888888888889
2015-12-30,0,20,22.75
2015-12-31,0,18,29.22222222222222
2016-01-01,0,21,24.238095238095237
2016-01-02,0,20,27.05
2016-01-03,0,19,23.94736842105263
2016-01-04,0,21,23.857142857142858
2016-01-05,0,21,22.047619047619047
2016-01-06,0,18,25.333333333333332
2016-01-07,0,18,27.0
2016-01-08,0,19,25.68421052631579
2016-01-09,0,20,26.45
2016-01-10,0,18,29.833333333333332
2016-01-11,0,19,27.526315789473685
2016-01-12,0,20,26.5
2016-01-13,0,21,22.523809523809526
2016-01-14,0,21,22.238095238095237
2016-01-15,0,18,25.11111111111111
2016-01-16,0,21,24.333333333333332
2016-01-17,0,19,24.57894736842105
2016-01-18,0,19,24.105263157894736
2016-01-19,0,20,27.25
2016-01-20,0,18,26.5
2016-01-21,0,19,25.42105263157895
2016-01-22,0,21,24.714285714285715
2016-01-23,0,19,28.36842105263158
2016-01-24,0,19,24.736842105263158
2016-01-25,0,21,22.61904761904762
2016-01-26,0,20,26.75
2016-01-27,0,18,29.666666666666668
2016-01-28,0,18,26.27777777777778
2016-01-29,0,20,25.4
2016-01-30,0,21,22.714285714285715
2016-01-31,0,18,25.944444444444443
2016-02-01,0,18,27.61111111111111
2016-02-02,0,20,26.0
2016-02-03,0,19,24.42105263157895
2016-02-04,0,18,27.5
2016-02-05,0,20,23.5
2016-02-06,0,21,24.476190476190474
2016-02-07,0,18,28.333333333333332
2016-02-08,0,21,22.142857142857142
2016-02-09,0,19,27.526315789473685
2016-02-10,0,18,27.333333333333332
2016-02-11,0,19,27.57894736842105
2016-02-12,0,19,25.57894736842105
2016-02-13,0,20,22.6
2016-02-14,0,19,25.63157894736842
2016-02-15,0,19,27.05263157894737
2016-02-16,0,21,22.38095238095238
2016-02-17,0,20,23.2
2016-02-18,0,19,28.63157894736842
2016-02-19,0,21,24.38095238095238
2016-02-20,0,21,24.285714285714285
2016-02-21,0,21,25.714285714285715
2016-02-22,0,21,25.904761904761905
2016-02-23,0,19,23.94736842105263
2016-02-24,0,18,27.944444444444443
2016-02-25,0,19,25.57894736842105
2016-02-26,0,21,22.285714285714285
2016-02-27,0,20,22.55
2016-02-28,0,21,24.0
2016-02-29,0,20,23.8
2016-03-01,0,21,24.904761904761905
2016-03-02,0,19,26.263157894736842
2016-03-03,0,21,24.523809523809526
2016-03-04,0,20,25.25
2016-03-05,0,18,29.833333333333332
2016-03-06,0,20,25.45
2016-03-07,0,21,25.38095238095238
2016-03-08,0,21,21.714285714285715
2016-03-09,0,20,27.2
2016-03-10,0,19,25.789473684210527
2016-03-11,0,21,24.476190476190474
2016-03-12,0,20,23.35
2016-03-13,0,21,23.047619047619047
2016-03-14,0,18,26.88888888888889
2016-03-15,0,18,29.555555555555557
2016-03-16,0,19,26.210526315789473
2016-03-17,0,21,25.38095238095238
2016-03-18,0,19,24.842105263157894
2016-03-19,0,19,25.473684210526315
2016-03-20,0,19,26.736842105263158
2016-03-21,0,18,27.38888888888889
2016-03-22,0,21,23.857142857142858
2016-03-23,0,19,25.42105263157895
2016-03-24,0,18,25.0
2016-03-25,0,20,26.5
2016-03-26,0,18,26.77777777777778
2016-03-27,0,21,22.80952380952381
2016-03-28,0,18,26.055555555555557
2016-03-29,0,18,25.833333333333332
2016-03-30,0,20,23.05
2016-03-31,0,18,25.5
2016-04-01,0,18,26.38888888888889
2016-04-02,0,20,26.15
2016-04-03,0,21,23.285714285714285
2016-04-04,0,20,25.15
2016-04-05,0,19,24.68421052631579
2016-04-06,0,21,21.428571428571427
2016-04-07,0,20,26.75
2016-04-08,0,18,26.72222222222222
2016-04-09,0,18,28.27777777777778
2016-04-10,0,21,21.571428571428573
2016-04-11,0,18,30.055555555555557
2016-04-12,0,20,24.6
2016-04-13,0,20,25.8
2016-04-14,0,18,30.5
2016-04-15,0,19,25.36842105263158
2016-04-16,0,21,22.571428571428573
2016-04-17,0,19,26.736842105263158
2016-04-18,0,21,23.047619047619047
2016-04-19,0,18,27.5
2016-04-20,0,20,27.5
2016-04-21,0,20,26.4
2016-04-22,0,20,23.85
2016-04-23,0,20,27.5
2016-04-24,0,19,28.0
2016-04-25,0,21,25.476190476190474
2016-04-26,0,21,22.761904761904763
2016-04-27,0,19,28.473684210526315
2016-04-28,0,21,23.238095238095237
2016-04-29,0,19,23.736842105263158
2016-04-30,0,20,24.65
2016-05-01,0,20,27.1
2016-05-02,0,19,27.526315789473685
2016-05-03,0,19,24.736842105263158
2016-05-04,0,20,25.6
2016-05-05,0,19,28.68421052631579
2016-05-06,0,20,26.05
2016-05-07,0,18,27.61111111111111
2016-05-08,0,18,26.27777777777778
2016-05-09,0,19,27.473684210526315
2016-05-10,0,19,28.894736842105264
2016-05-11,0,19,26.736842105263158
2016-05-12,0,21,24.428571428571427
2016-05-13,0,18,27.055555555555557
2016-05-14,0,18,27.833333333333332
2016-05-15,0,19,24.789473684210527
2016-05-16,0,18,25.77777777777778
2016-05-17,0,18,30.27777777777778
2016-05-18,0,19,26.68421052631579
2016-05-19,0,21,22.285714285714285
2016-05-20,0,21,21.428571428571427
2016-05-21,0,18,28.333333333333332
2016-05-22,0,19,27.05263157894737
2016-05-23,0,18,27.88888888888889
2016-05-24,0,20,26.35
2016-05-25,0,20,22.8
2016-05-26,0,21,25.857142857142858
2016-05-27,0,19,26.789473684210527
2016-05-28,0,21,25.476190476190474
2016-05-29,0,21,26.19047619047619
2016-05-30,0,19,27.157894736842106
2016-05-31,0,21,25.38095238095238
2016-06-01,0,19,24.63157894736842
2016-06-02,0,21,25.761904761904763
2016-06-03,0,20,25.85
2016-06-04,0,18,25.333333333333332
2016-06-05,0,18,29.666666666666668
2016-06-06,0,20,26.9
2016-06-07,0,20,24.05
2016-06-08,0,18,30.555555555555557
2016-06-09,0,21,23.38095238095238
2016-06-10,0,21,24.666666666666668
2016-06-11,0,18,28.72222222222222
2016-06-12,0,19,25.68421052631579
2016-06-13,0,20,24.15
2016-06-14,0,20,24.7
2016-06-15,0,21,24.38095238095238
2016-06-16,0,21,25.666666666666668
2016-06-17,0,19,26.842105263157894
2016-06-18,0,18,28.5
2016-06-19,0,20,23.6
2016-06-20,0,20,23.3
2016-06-21,0,19,27.894736842105264
2016-06-22,0,20,27.25
2016-06-23,0,19,26.68421052631579
2016-06-24,0,20,24.95
2016-06-25,0,19,26.473684210526315
2016-06-26,0,18,29.72222222222222
2016-06-27,0,19,26.263157894736842
2016-06-28,0,20,24.8
2016-06-29,0,21,21.80952380952381
2016-06-30,0,21,25.857142857142858
2016-07-01,0,21,24.857142857142858
2016-07-02,0,19,25.157894736842106
2016-07-03,0,19,24.526315789473685
2016-07-04,0,20,25.05
2016-07-05,0,18,25.22222222222222
2016-07-06,0,19,27.473684210526315
2016-07-07,0,18,29.166666666666668
2016-07-08,0,21,22.238095238095237
2016-07-09,0,21,23.80952380952381
2016-07-10,0,18,28.833333333333332
2016-07-11,0,20,23.25
2016-07-12,0,20,25.75
2016-07-13,0,19,25.526315789473685
2016-07-14,0,18,28.77777777777778
2016-07-15,0,18,30.444444444444443
2016-07-16,0,20,23.0
2016-07-17,0,19,27.842105263157894
2016-07-18,0,18,29.944444444444443
2016-07-19,0,19,25.63157894736842
2016-07-20,0,21,23.476190476190474
2016-07-21,0,21,23.666666666666668
2016-07-22,0,20,23.25
2016-07-23,0,18,26.5
2016-07-24,0,18,26.27777777777778
2016-07-25,0,20,26.5
2016-07-26,0,19,26.894736842105264
2016-07-27,0,19,23.94736842105263
2016-07-28,0,18,28.0
2016-07-29,0,21,24.38095238095238
2016-07-30,0,18,28.22222222222222
2016-07-31,0,19,27.105263157894736
2016-08-01,0,19,26.68421052631579
2016-08-02,0,19,23.68421052631579
2016-08-03,0,19,28.263157894736842
2016-08-04,0,18,29.055555555555557
2016-08-05,0,18,27.0
2016-08-06,0,20,24.5
2016-08-07,0,18,28.72222222222222
2016-08-08,0,21,22.333333333333332
2016-08-09,0,20,24.55
2016-08-10,0,19,26.473684210526315
2016-08-11,0,21,21.571428571428573
2016-08-12,0,21,22.19047619047619
2016-08-13,0,20,25.7
2016-08-14,0,19,27.94736842105263
2016-08-15,0,20,25.1
2016-08-16,0,19,28.894736842105264
2016-08-17,0,19,23.789473684210527
2016-08-18,0,19,27.31578947368421
2016-08-19,0,19,25.42105263157895
2016-08-20,0,21,21.523809523809526
2016-08-21,0,20,23.95
2016-08-22,0,20,22.6
2016-08-23,0,19,25.05263157894737
2016-08-24,0,19,25.63157894736842
2016-08-25,0,21,24.857142857142858
2016-08-26,0,20,23.65
2016-08-27,0,19,23.789473684210527
2016-08-28,0,20,22.9
2016-08-29,0,21,23.761904761904763
2016-08-30,0,19,25.36842105263158
2016-08-31,0,19,27.05263157894737
2016-09-01,0,20,27.25
2016-09-02,0,21,22.38095238095238
2016-09-03,0,19,28.894736842105264
2016-09-04,0,20,24.25
2016-09-05,0,21,26.142857142857142
2016-09-06,0,20,24.7
2016-09-07,0,19,25.473684210526315
2016-09-08,0,19,25.263157894736842
2016-09-09,0,20,25.05
2016-09-10,0,21,23.904761904761905
2016-09-11,0,21,24.0
2016-09-12,0,21,24.285714285714285
2016-09-13,0,18,25.11111111111111
2016-09-14,0,18,26.22222222222222
2016-09-15,0,20,25.75
2016-09-16,0,21,22.857142857142858
2016-09-17,0,19,25.210526315789473
2016-09-18,0,18,26.833333333333332
2016-09-19,0,19,24.736842105263158
2016-09-20,0,20,27.25
2016-09-21,0,18,29.38888888888889
2016-09-22,0,20,23.3
2016-09-23,0,21,22.571428571428573
2016-09-24,0,18,25.72222222222222
2016-09-25,0,21,24.333333333333332
2016-09-26,0,19,28.36842105263158
2016-09-27,0,19,25.05263157894737
2016-09-28,0,18,25.944444444444443
2016-09-29,0,20,24.9
2016-09-30,0,18,28.555555555555557
2016-10-01,0,18,29.444444444444443
2016-10-02,0,20,24.5
2016-10-03,0,89,5.415730337078652
2016-10-04,0,89,5.775280898876405
2016-10-05,0,91,5.9010989010989015
2016-10-06,0,69,6.927536231884058
2016-10-07,0,77,6.402597402597403
2016-10-08,0,89,5.98876404494382
2016-10-09,0,85,5.3882352941176475
2016-10-10,0,80,6.325
2016-10-11,0,80,5.6625
2016-10-12,0,85,5.811764705882353
2016-10-13,0,85,5.929411764705883
2016-10-14,0,82,6.085365853658536
2016-10-15,0,75,6.96
2016-10-16,0,79,6.506329113924051
2016-10-17,0,88,5.659090909090909
2016-10-18,0,88,6.113636363636363
2016-10-19,0,90,5.144444444444445
2016-10-20,0,91,4.945054945054945
2016-10-21,0,81,5.716049382716049
2016-10-22,0,81,5.62962962962963
2016-10-23,0,78,7.012820512820513
2016-10-24,0,88,5.409090909090909
2016-10-25,0,83,5.433734939759036
2016-10-26,0,71,7.408450704225352
2016-10-27,0,84,5.392857142857143
2016-10-28,0,81,6.2592592592592595
2016-10-29,0,70,7.057142857142857
2016-10-30,0,77,5.896103896103896
2016-10-31,0,72,7.527777777777778
2016-11-01,0,75,6.706666666666667
2016-11-02,0,20,26.1
2016-11-03,0,20,25.55
2016-11-04,0,21,23.952380952380953
2016-11-05,0,20,23.95
2016-11-06,0,19,23.736842105263158
2016-11-07,0,19,26.789473684210527
2016-11-08,0,21,26.142857142857142
2016-11-09,0,21,24.333333333333332
2016-11-10,0,20,22.55
2016-11-11,0,18,30.444444444444443
2016-11-12,0,21,26.047619047619047
2016-11-13,0,20,26.95
2016-11-14,0,21,25.857142857142858
2016-11-15,0,21,23.904761904761905
2016-11-16,0,19,26.526315789473685
2016-11-17,0,19,28.36842105263158
2016-11-18,0,20,22.5
2016-11-19,0,21,21.904761904761905
2016-11-20,0,20,26.25
2016-11-21,0,19,27.36842105263158
2016-11-22,0,18,27.22222222222222
2016-11-23,0,18,25.666666666666668
2016-11-24,0,20,22.85
2016-11-25,0,21,25.142857142857142
2016-11-26,0,20,26.55
2016-11-27,0,21,25.714285714285715
2016-11-28,0,20,26.95
2016-11-29,0,20,25.6
2016-11-30,0,18,26.555555555555557
2016-12-01,0,20,25.2
2016-12-02,0,21,25.142857142857142
2016-12-03,0,18,30.333333333333332
2016-12-04,0,20,24.45
2016-12-05,0,18,30.0
2016-12-06,0,20,27.2
2016-12-07,0,19,25.473684210526315
2016-12-08,0,18,30.166666666666668
2016-12-09,0,20,23.1
2016-12-10,0,21,22.80952380952381
2016-12-11,0,18,29.38888888888889
2016-12-12,0,20,24.3
2016-12-13,0,19,26.36842105263158
2016-12-14,0,19,25.210526315789473
2016-12-15,0,20,27.45
2016-12-16,0,19,25.526315789473685
2016-12-17,0,18,28.0
2016-12-18,0,19,28.94736842105263
2016-12-19,0,19,25.05263157894737
2016-12-20,0,18,25.166666666666668
2016-12-21,0,19,28.157894736842106
2016-12-22,0,21,25.19047619047619
2016-12-23,0,20,25.55
2016-12-24,0,21,22.857142857142858
2016-12-25,0,19,24.68421052631579
2016-12-26,0,18,25.166666666666668
2016-12-27,0,21,23.428571428571427
2016-12-28,0,19,26.0
2016-12-29,0,18,26.055555555555557
2016-12-30,0,18,29.72222222222222
2016-12-31,0,21,24.857142857142858
2017-01-01,0,21,24.19047619047619
2017-01-02,0,20,25.85
2017-01-03,0,18,26.666666666666668
2017-01-04,0,20,27.1
2017-01-05,0,21,23.142857142857142
2017-01-06,0,20,25.1
2017-01-07,0,21,22.333333333333332
2017-01-08,0,20,23.15
2017-01-09,0,19,28.94736842105263
2017-01-10,0,21,26.142857142857142
2017-01-11,0,19,26.31578947368421
2017-01-12,0,21,26.142857142857142
2017-01-13,0,18,28.444444444444443
2017-01-14,0,20,22.5
2017-01-15,0,21,25.095238095238095
2017-01-16,0,20,24.9
2017-01-17,0,21,23.904761904761905
2017-01-18,0,19,25.157894736842106
2017-01-19,0,20,25.2
2017-01-20,0,18,26.88888888888889
2017-01-21,0,21,22.142857142857142
2017-01-22,0,19,26.31578947368421
2017-01-23,0,20,24.0
2017-01-24,0,20,23.75
2017-01-25,0,21,21.571428571428573
2017-01-26,0,19,25.68421052631579
2017-01-27,0,18,25.38888888888889
2017-01-28,0,18,30.11111111111111
2017-01-29,0,21,22.238095238095237
2017-01-30,0,18,25.444444444444443
2017-01-31,0,20,26.3
2017-02-01,0,18,25.61111111111111
2017-02-02,0,18,27.666666666666668
2017-02-03,0,19,27.31578947368421
2017-02-04,0,20,25.0
2017-02-05,0,18,28.055555555555557
2017-02-06,0,18,29.055555555555557
2017-02-07,0,21,21.666666666666668
2017-02-08,0,21,25.714285714285715
2017-02-09,0,19,24.473684210526315
2017-02-10,0,19,26.63157894736842
2017-02-11,0,19,24.94736842105263
2017-02-12,0,20,26.0
2017-02-13,0,21,24.238095238095237
2017-02-14,0,21,24.952380952380953
2017-02-15,0,20,26.8
2017-02-16,0,18,29.61111111111111
2017-02-17,0,18,29.166666666666668
2017-02-18,0,21,21.523809523809526
2017-02-19,0,19,24.94736842105263
2017-02-20,0,20,23.8
2017-02-21,0,18,27.11111111111111
2017-02-22,0,21,25.61904761904762
2017-02-23,0,20,22.7
2017-02-24,0,21,24.095238095238095
2017-02-25,0,21,24.80952380952381
2017-02-26,0,21,22.61904761904762
2017-02-27,0,20,22.6
2017-02-28,0,19,28.31578947368421
2017-03-01,0,21,22.857142857142858
2017-03-02,0,19,25.68421052631579
2017-03-03,0,19,25.05263157894737
2017-03-04,0,19,26.42105263157895
2017-03-05,0,20,23.6
2017-03-06,0,18,25.944444444444443
2017-03-07,0,19,25.05263157894737
2017-03-08,0,21,26.095238095238095
2017-03-09,0,21,26.0
2017-03-10,0,18,29.61111111111111
2017-03-11,0,21,24.80952380952381
2017-03-12,0,19,23.94736842105263
2017-03-13,0,20,26.35
2017-03-14,0,21,24.38095238095238
2017-03-15,0,20,26.5
2017-03-16,0,21,23.142857142857142
2017-03-17,0,21,24.38095238095238
2017-03-18,0,21,24.761904761904763
2017-03-19,0,18,26.77777777777778
2017-03-20,0,19,23.68421052631579
2017-03-21,0,19,26.0
2017-03-22,0,20,23.2
2017-03-23,0,21,24.285714285714285
2017-03-24,0,19,24.105263157894736
2017-03-25,0,18,26.77777777777778
2017-03-26,0,21,23.428571428571427
2017-03-27,0,20,25.2
2017-03-28,0,21,23.047619047619047
2017-03-29,0,19,25.31578947368421
2017-03-30,0,21,26.142857142857142
2017-03-31,0,21,21.666666666666668
2017-04-01,0,18,28.77777777777778
2017-04-02,0,19,24.36842105263158
2017-04-03,0,21,25.095238095238095
2017-04-04,0,19,28.105263157894736
2017-04-05,0,18,28.38888888888889
2017-04-06,0,21,22.61904761904762
2017-04-07,0,19,25.63157894736842
2017-04-08,0,20,23.0
2017-04-09,0,18,26.77777777777778
2017-04-10,0,21,25.428571428571427
2017-04-11,0,18,28.77777777777778
2017-04-12,0,20,25.2
2017-04-13,0,18,26.555555555555557
2017-04-14,0,20,27.1
2017-04-15,0,18,26.38888888888889
2017-04-16,0,20,22.95
2017-04-17,0,18,25.77777777777778
2017-04-18,0,20,23.55
2017-04-19,0,21,25.61904761904762
2017-04-20,0,20,26.05
2017-04-21,0,19,26.210526315789473
2017-04-22,0,18,25.5
2017-04-23,0,18,29.666666666666668
2017-04-24,0,19,28.105263157894736
2017-04-25,0,19,25.789473684210527
2017-04-26,0,19,24.42105263157895
2017-04-27,0,18,27.166666666666668
2017-04-28,0,21,24.047619047619047
2017-04-29,0,20,24.35
2017-04-30,0,21,26.095238095238095
2017-05-01,0,18,30.166666666666668
2017-05-02,0,19,28.63157894736842
2017-05-03,0,18,26.5
2017-05-04,0,18,27.055555555555557
2017-05-05,0,18,26.444444444444443
2017-05-06,0,18,26.27777777777778
2017-05-07,0,20,24.6
2017-05-08,0,19,27.210526315789473
2017-05-09,0,18,25.166666666666668
2017-05-10,0,21,25.761904761904763
2017-05-11,0,21,23.952380952380953
2017-05-12,0,21,23.904761904761905
2017-05-13,0,19,28.63157894736842
2017-05-14,0,19,25.57894736842105
2017-05-15,0,18,26.77777777777778
2017-05-16,0,19,25.36842105263158
2017-05-17,0,18,30.0
2017-05-18,0,18,25.666666666666668
2017-05-19,0,18,30.22222222222222
2017-05-20,0,20,24.35
2017-05-21,0,19,25.263157894736842
2017-05-22,0,20,27.1
2017-05-23,0,18,30.38888888888889
2017-05-24,0,19,28.736842105263158
2017-05-25,0,19,27.63157894736842
2017-05-26,0,20,26.35
2017-05-27,0,18,27.055555555555557
2017-05-28,0,18,28.444444444444443
2017-05-29,0,21,23.238095238095237
2017-05-30,0,19,25.157894736842106
2017-05-31,0,21,22.285714285714285
2017-06-01,0,19,28.0
2017-06-02,0,19,26.68421052631579
2017-06-03,0,20,26.45
2017-06-04,0,20,25.75
2017-06-05,0,18,26.27777777777778
2017-06-06,0,19,26.68421052631579
2017-06-07,0,19,28.894736842105264
2017-06-08,0,18,25.77777777777778
2017-06-09,0,20,25.6
2017-06-10,0,21,23.523809523809526
2017-06-11,0,20,27.45
2017-06-12,0,18,29.0
2017-06-13,0,19,26.0
2017-06-14,0,21,22.142857142857142
2017-06-15,0,21,22.285714285714285
2017-06-16,0,20,25.0
2017-06-17,0,21,23.61904761904762
2017-06-18,0,20,24.9
2017-06-19,0,21,22.285714285714285
2017-06-20,0,18,27.055555555555557
2017-06-21,0,19,27.0
2017-06-22,0,18,26.72222222222222
2017-06-23,0,19,23.894736842105264
2017-06-24,0,21,22.19047619047619
2017-06-25,0,19,26.842105263157894
2017-06-26,0,20,25.95
2017-06-27,0,19,23.736842105263158
2017-06-28,0,18,27.055555555555557
2017-06-29,0,20,26.9
2017-06-30,0,18,27.27777777777778
2017-07-01,0,19,25.36842105263158
2017-07-02,0,20,25.55
2017-07-03,0,19,26.94736842105263
2017-07-04,0,21,23.333333333333332
2017-07-05,0,21,25.0
2017-07-06,0,20,26.9
2017-07-07,0,18,26.833333333333332
2017-07-08,0,20,26.05
2017-07-09,0,18,26.055555555555557
2017-07-10,0,20,26.3
2017-07-11,0,18,29.333333333333332
2017-07-12,0,21,24.142857142857142
2017-07-13,0,18,25.555555555555557
2017-07-14,0,21,22.38095238095238
