sinteticos/sales_sint_365.csv
date,item_nbr,unit_sales,price
2020-09-11,0,18,27.055555555555557
2020-09-12,0,79,6.848101265822785
2020-09-13,0,82,6.597560975609756
2020-09-14,0,71,6.492957746478873
2020-09-15,0,75,6.333333333333333
2020-09-16,0,75,7.333333333333333
2020-09-17,0,82,6.7073170731707314
2020-09-18,0,80,6.7125
2020-09-19,0,68,6.970588235294118
2020-09-20,0,85,5.705882352941177
2020-09-21,0,78,6.256410256410256
2020-09-22,0,82,6.121951219512195
2020-09-23,0,85,5.529411764705882
2020-09-24,0,91,5.329670329670329
2020-09-25,0,71,7.47887323943662
2020-09-26,0,69,7.6231884057971016
2020-09-27,0,90,5.877777777777778
2020-09-28,0,75,6.093333333333334
2020-09-29,0,80,5.925
2020-09-30,0,68,7.720588235294118
2020-10-01,0,84,5.690476190476191
2020-10-02,0,71,7.112676056338028
2020-10-03,0,68,7.8088235294117645
2020-10-04,0,68,8.088235294117647
2020-10-05,0,83,6.072289156626506
2020-10-06,0,84,5.595238095238095
2020-10-07,0,80,6.8125
2020-10-08,0,76,6.0394736842105265
2020-10-09,0,88,5.886363636363637
2020-10-10,0,74,6.918918918918919
2020-10-11,0,88,5.613636363636363
2020-10-12,0,18,26.944444444444443
2020-10-13,0,21,25.095238095238095
2020-10-14,0,20,25.4
2020-10-15,0,21,22.38095238095238
2020-10-16,0,19,26.31578947368421
2020-10-17,0,19,27.05263157894737
2020-10-18,0,20,25.4
2020-10-19,0,19,26.42105263157895
2020-10-20,0,19,27.0
2020-10-21,0,20,26.6
2020-10-22,0,21,22.428571428571427
2020-10-23,0,21,25.333333333333332
2020-10-24,0,18,29.555555555555557
2020-10-25,0,20,24.25
2020-10-26,0,21,22.285714285714285
2020-10-27,0,18,25.61111111111111
2020-10-28,0,18,25.11111111111111
2020-10-29,0,21,22.19047619047619
2020-10-30,0,18,25.055555555555557
2020-10-31,0,18,29.555555555555557
2020-11-01,0,18,26.666666666666668
2020-11-02,0,20,25.9
2020-11-03,0,19,28.63157894736842
2020-11-04,0,18,26.5
2020-11-05,0,18,25.0
2020-11-06,0,19,24.526315789473685
2020-11-07,0,18,28.055555555555557
2020-11-08,0,19,23.789473684210527
2020-11-09,0,20,23.45
2020-11-10,0,18,27.444444444444443
2020-11-11,0,19,23.68421052631579
2020-11-12,0,19,24.157894736842106
2020-11-13,0,20,25.2
2020-11-14,0,20,25.6
2020-11-15,0,21,24.333333333333332
2020-11-16,0,21,22.714285714285715
2020-11-17,0,20,22.5
2020-11-18,0,18,25.22222222222222
2020-11-19,0,19,26.94736842105263
2020-11-20,0,18,27.77777777777778
2020-11-21,0,18,25.22222222222222
2020-11-22,0,19,28.05263157894737
2020-11-23,0,21,22.523809523809526
2020-11-24,0,19,27.263157894736842
2020-11-25,0,21,24.238095238095237
2020-11-26,0,18,28.22222222222222
2020-11-27,0,20,25.05
2020-11-28,0,18,26.944444444444443
2020-11-29,0,18,29.22222222222222
2020-11-30,0,19,27.842105263157894
2020-12-01,0,21,23.714285714285715
2020-12-02,0,20,25.9
2020-12-03,0,20,26.3
2020-12-04,0,21,23.904761904761905
2020-12-05,0,18,26.0
2020-12-06,0,19,26.894736842105264
2020-12-07,0,18,28.11111111111111
2020-12-08,0,18,26.61111111111111
2020-12-09,0,21,21.666666666666668
2020-12-10,0,21,21.666666666666668
2020-12-11,0,20,24.85
2020-12-12,0,21,25.80952380952381
2020-12-13,0,21,21.428571428571427
2020-12-14,0,21,25.285714285714285
2020-12-15,0,21,23.714285714285715
2020-12-16,0,18,26.166666666666668
2020-12-17,0,21,24.523809523809526
2020-12-18,0,20,25.25
2020-12-19,0,20,27.3
2020-12-20,0,20,25.85
2020-12-21,0,18,28.666666666666668
2020-12-22,0,20,26.75
2020-12-23,0,21,22.904761904761905
2020-12-24,0,20,23.35
2020-12-25,0,18,26.166666666666668
2020-12-26,0,21,24.857142857142858
2020-12-27,0,20,23.95
2020-12-28,0,18,28.833333333333332
2020-12-29,0,21,25.714285714285715
2020-12-30,0,18,29.61111111111111
2020-12-31,0,18,26.11111111111111
